// Jest Snapshot v1, https://goo.gl/fbAQLP

exports[`should render UserProfile correctly 1`] = `
<div
  className="user_profile"
>
  <div
    className="user_profile__background"
  />
  <div
    className="user_profile__wrapper"
  />
  <UserHeader />
  <UserComments />
</div>
`;
