// Jest Snapshot v1, https://goo.gl/fbAQLP

exports[`should render UserFollowersCounter 1`] = `
<div
  className="user_followers__box"
>
  <p
    className="user_followers__values"
  >
    25
  </p>
  <p
    className="user_followers__names"
  >
    Stat
  </p>
</div>
`;
